[20:54:40] PYENGINE: PyEngine logging initialized
[20:54:40] PYENGINE: PyEngine PyEngine (by Pyrena) Editor initializing...
[20:54:40] PYENGINE: Window created: PyEngine (by Pyrena) Editor (1920x1080)
[20:54:40] PYENGINE: Vulkan instance created successfully
[20:54:40] PYENGINE: Selected GPU: NVIDIA GeForce RTX 4060 Laptop GPU
[20:54:40] PYENGINE: Logical device created successfully
[20:54:40] PYENGINE: Swapchain created: 3 images, 1920x1080
[20:54:40] PYENGINE: Graphics pipeline created
[20:54:40] PYENGINE: Renderer initialized successfully
[20:54:40] PYENGINE: ImGui layer initialized
[20:54:40] PYENGINE: PyEngine initialized successfully
[20:54:40] PYENGINE: GPU: NVIDIA GeForce RTX 4060 Laptop GPU
[20:54:40] PYENGINE: Scene 'Untitled' created
[20:54:40] PYENGINE: Terrain System Initialized
[20:54:40] PYENGINE: NavMesh System Initialized
[20:54:40] PYENGINE: OffscreenRenderer created: 1280x720
[20:54:40] PYENGINE: Graphics pipeline created
[20:54:40] PYENGINE: Validation layer: vkCreateGraphicsPipelines(): pCreateInfos[0].pVertexInputState Vertex attribute at location 2 not consumed by vertex shader.
[20:54:40] PYENGINE: Graphics pipeline created
[20:54:40] PYENGINE: Entering main loop
[20:54:41] PYENGINE: OffscreenRenderer created: 1149x716
