[21:00:08] PYENGINE: PyEngine logging initialized
[21:00:08] PYENGINE: PyEngine PyEngine (by Pyrena) Editor initializing...
[21:00:08] PYENGINE: Window created: PyEngine (by Pyrena) Editor (1920x1080)
[21:00:08] PYENGINE: Vulkan instance created successfully
[21:00:08] PYENGINE: Selected GPU: NVIDIA GeForce RTX 4060 Laptop GPU
[21:00:08] PYENGINE: Logical device created successfully
[21:00:08] PYENGINE: Swapchain created: 3 images, 1920x1080
[21:00:08] PYENGINE: Graphics pipeline created
[21:00:08] PYENGINE: Renderer initialized successfully
[21:00:08] PYENGINE: ImGui layer initialized
[21:00:08] PYENGINE: PyEngine initialized successfully
[21:00:08] PYENGINE: GPU: NVIDIA GeForce RTX 4060 Laptop GPU
[21:00:08] PYENGINE: Scene 'Untitled' created
[21:00:08] PYENGINE: Terrain System Initialized
[21:00:08] PYENGINE: NavMesh System Initialized
[21:00:08] PYENGINE: OffscreenRenderer created: 1280x720
[21:00:08] PYENGINE: Graphics pipeline created
[21:00:08] PYENGINE: Validation layer: vkCreateGraphicsPipelines(): pCreateInfos[0].pVertexInputState Vertex attribute at location 2 not consumed by vertex shader.
[21:00:08] PYENGINE: Graphics pipeline created
[21:00:08] PYENGINE: Entering main loop
[21:00:09] PYENGINE: OffscreenRenderer created: 1149x716
[21:10:51] PYENGINE: PyEngine shutting down...
[21:10:51] PYENGINE: PyEngine logging shutdown
