[20:53:43] PYENGINE: PyEngine logging initialized
[20:53:43] PYENGINE: PyEngine PyEngine (by Pyrena) Editor initializing...
[20:53:43] PYENGINE: Window created: PyEngine (by Pyrena) Editor (1920x1080)
[20:53:43] PYENGINE: Vulkan instance created successfully
[20:53:43] PYENGINE: Selected GPU: NVIDIA GeForce RTX 4060 Laptop GPU
[20:53:44] PYENGINE: Logical device created successfully
[20:53:44] PYENGINE: Swapchain created: 3 images, 1920x1080
[20:53:44] PYENGINE: Graphics pipeline created
[20:53:44] PYENGINE: Renderer initialized successfully
[20:53:44] PYENGINE: ImGui layer initialized
[20:53:44] PYENGINE: PyEngine initialized successfully
[20:53:44] PYENGINE: GPU: NVIDIA GeForce RTX 4060 Laptop GPU
[20:53:44] PYENGINE: Scene 'Untitled' created
[20:53:44] PYENGINE: Terrain System Initialized
[20:53:44] PYENGINE: NavMesh System Initialized
[20:53:44] PYENGINE: OffscreenRenderer created: 1280x720
[20:53:44] PYENGINE: Graphics pipeline created
[20:53:44] PYENGINE: Validation layer: vkCreateGraphicsPipelines(): pCreateInfos[0].pVertexInputState Vertex attribute at location 2 not consumed by vertex shader.
[20:53:44] PYENGINE: Graphics pipeline created
[20:53:44] PYENGINE: Entering main loop
[20:53:45] PYENGINE: Validation layer: vkCmdDrawIndexed(): dependencyCount is incompatible between VkRenderPass 0x330000000033 (from VkCommandBuffer 0x55fa263baae0) and VkRenderPass 0xd000000000d (from VkPipeline 0x150000000015), 2 != 1
The Vulkan spec states: The current render pass must be compatible with the renderPass member of the VkGraphicsPipelineCreateInfo structure specified when creating the VkPipeline bound to VK_PIPELINE_BIND_POINT_GRAPHICS (https://docs.vulkan.org/spec/latest/chapters/drawing.html#VUID-vkCmdDrawIndexed-renderPass-02684)
[20:53:45] PYENGINE: Validation layer: vkCmdDrawIndexed(): dependencyCount is incompatible between VkRenderPass 0x330000000033 (from VkCommandBuffer 0x55fa263baae0) and VkRenderPass 0xd000000000d (from VkPipeline 0x150000000015), 2 != 1
The Vulkan spec states: The current render pass must be compatible with the renderPass member of the VkGraphicsPipelineCreateInfo structure specified when creating the VkPipeline bound to VK_PIPELINE_BIND_POINT_GRAPHICS (https://docs.vulkan.org/spec/latest/chapters/drawing.html#VUID-vkCmdDrawIndexed-renderPass-02684)
[20:53:45] PYENGINE: Validation layer: vkCmdDrawIndexed(): dependencyCount is incompatible between VkRenderPass 0x330000000033 (from VkCommandBuffer 0x55fa263baae0) and VkRenderPass 0xd000000000d (from VkPipeline 0x150000000015), 2 != 1
The Vulkan spec states: The current render pass must be compatible with the renderPass member of the VkGraphicsPipelineCreateInfo structure specified when creating the VkPipeline bound to VK_PIPELINE_BIND_POINT_GRAPHICS (https://docs.vulkan.org/spec/latest/chapters/drawing.html#VUID-vkCmdDrawIndexed-renderPass-02684)
[20:53:45] PYENGINE: Validation layer: vkCmdDrawIndexed(): dependencyCount is incompatible between VkRenderPass 0x330000000033 (from VkCommandBuffer 0x55fa263baae0) and VkRenderPass 0xd000000000d (from VkPipeline 0x150000000015), 2 != 1
The Vulkan spec states: The current render pass must be compatible with the renderPass member of the VkGraphicsPipelineCreateInfo structure specified when creating the VkPipeline bound to VK_PIPELINE_BIND_POINT_GRAPHICS (https://docs.vulkan.org/spec/latest/chapters/drawing.html#VUID-vkCmdDrawIndexed-renderPass-02684)
[20:53:45] PYENGINE: Validation layer: vkCmdDrawIndexed(): dependencyCount is incompatible between VkRenderPass 0x330000000033 (from VkCommandBuffer 0x55fa263baae0) and VkRenderPass 0xd000000000d (from VkPipeline 0x150000000015), 2 != 1
The Vulkan spec states: The current render pass must be compatible with the renderPass member of the VkGraphicsPipelineCreateInfo structure specified when creating the VkPipeline bound to VK_PIPELINE_BIND_POINT_GRAPHICS (https://docs.vulkan.org/spec/latest/chapters/drawing.html#VUID-vkCmdDrawIndexed-renderPass-02684)
[20:53:45] PYENGINE: Validation layer: vkCmdDrawIndexed(): dependencyCount is incompatible between VkRenderPass 0x330000000033 (from VkCommandBuffer 0x55fa263baae0) and VkRenderPass 0xd000000000d (from VkPipeline 0x150000000015), 2 != 1
The Vulkan spec states: The current render pass must be compatible with the renderPass member of the VkGraphicsPipelineCreateInfo structure specified when creating the VkPipeline bound to VK_PIPELINE_BIND_POINT_GRAPHICS (https://docs.vulkan.org/spec/latest/chapters/drawing.html#VUID-vkCmdDrawIndexed-renderPass-02684)
[20:53:45] PYENGINE: Validation layer: vkCmdDrawIndexed(): dependencyCount is incompatible between VkRenderPass 0x330000000033 (from VkCommandBuffer 0x55fa263baae0) and VkRenderPass 0xd000000000d (from VkPipeline 0x150000000015), 2 != 1
The Vulkan spec states: The current render pass must be compatible with the renderPass member of the VkGraphicsPipelineCreateInfo structure specified when creating the VkPipeline bound to VK_PIPELINE_BIND_POINT_GRAPHICS (https://docs.vulkan.org/spec/latest/chapters/drawing.html#VUID-vkCmdDrawIndexed-renderPass-02684)
[20:53:45] PYENGINE: Validation layer: vkCmdDrawIndexed(): dependencyCount is incompatible between VkRenderPass 0x330000000033 (from VkCommandBuffer 0x55fa263baae0) and VkRenderPass 0xd000000000d (from VkPipeline 0x150000000015), 2 != 1
The Vulkan spec states: The current render pass must be compatible with the renderPass member of the VkGraphicsPipelineCreateInfo structure specified when creating the VkPipeline bound to VK_PIPELINE_BIND_POINT_GRAPHICS (https://docs.vulkan.org/spec/latest/chapters/drawing.html#VUID-vkCmdDrawIndexed-renderPass-02684)
[20:53:45] PYENGINE: Validation layer: vkCmdDrawIndexed(): dependencyCount is incompatible between VkRenderPass 0x330000000033 (from VkCommandBuffer 0x55fa263baae0) and VkRenderPass 0xd000000000d (from VkPipeline 0x150000000015), 2 != 1
The Vulkan spec states: The current render pass must be compatible with the renderPass member of the VkGraphicsPipelineCreateInfo structure specified when creating the VkPipeline bound to VK_PIPELINE_BIND_POINT_GRAPHICS (https://docs.vulkan.org/spec/latest/chapters/drawing.html#VUID-vkCmdDrawIndexed-renderPass-02684)
[20:53:45] PYENGINE: Validation layer: (Warning - This VUID has now been reported 10 times, which is the duplicate_message_limit value, this will be the last time reporting it).
vkCmdDrawIndexed(): dependencyCount is incompatible between VkRenderPass 0x330000000033 (from VkCommandBuffer 0x55fa263baae0) and VkRenderPass 0xd000000000d (from VkPipeline 0x150000000015), 2 != 1
The Vulkan spec states: The current render pass must be compatible with the renderPass member of the VkGraphicsPipelineCreateInfo structure specified when creating the VkPipeline bound to VK_PIPELINE_BIND_POINT_GRAPHICS (https://docs.vulkan.org/spec/latest/chapters/drawing.html#VUID-vkCmdDrawIndexed-renderPass-02684)
[20:53:45] PYENGINE: OffscreenRenderer created: 1149x716
