[22:03:50] PYENGINE: PyEngine logging initialized
[22:03:50] PYENGINE: PyEngine PyEngine (by Pyrena) Editor initializing...
[22:03:50] PYENGINE: Window created: PyEngine (by Pyrena) Editor (1920x1080)
[22:03:52] PYENGINE: Vulkan instance created successfully
[22:03:52] PYENGINE: Selected GPU: NVIDIA GeForce RTX 4060 Laptop GPU
[22:03:52] PYENGINE: Logical device created successfully
[22:03:52] PYENGINE: Swapchain created: 3 images, 1920x1080
[22:03:52] PYENGINE: Graphics pipeline created
[22:03:52] PYENGINE: Renderer initialized successfully
[22:03:52] PYENGINE: ImGui layer initialized
[22:03:52] PYENGINE: PyEngine initialized successfully
[22:03:52] PYENGINE: GPU: NVIDIA GeForce RTX 4060 Laptop GPU
[22:03:52] PYENGINE: [PythonEngine] pyengine module registered
[22:03:52] PYENGINE: [PythonEngine] Python 3.11.9 (main, Dec 13 2025, 13:59:39) [GCC 15.2.1 20251112] interpreter initialized
[22:03:52] PYENGINE: Scene 'Untitled' created
[22:03:52] PYENGINE: Terrain System Initialized
[22:03:52] PYENGINE: NavMesh System Initialized
[22:03:52] PYENGINE: OffscreenRenderer created: 1280x720
[22:03:52] PYENGINE: Graphics pipeline created
[22:03:52] PYENGINE: Validation layer: vkCreateGraphicsPipelines(): pCreateInfos[0].pVertexInputState Vertex attribute at location 2 not consumed by vertex shader.
[22:03:52] PYENGINE: Graphics pipeline created
[22:03:52] PYENGINE: Entering main loop
[22:03:54] PYENGINE: OffscreenRenderer created: 32x13
[22:03:54] PYENGINE: OffscreenRenderer created: 1149x716
[22:14:42] PYENGINE: PyEngine shutting down...
[22:14:42] PYENGINE: [PythonEngine] Python interpreter shut down
[22:14:42] PYENGINE: PyEngine logging shutdown
